// Jest Snapshot v1, https://goo.gl/fbAQLP

exports[`matches snapshot 1`] = `
<div>
  <nav
    className="navbar navbar-expand-sm navbar-dark bg-primary mb-4"
  >
    <div
      className="container"
    >
      <a
        className="navbar-brand"
        href="/main"
        onClick={[Function]}
      >
        Bookeroo
      </a>
      <button
        className="navbar-toggler"
        data-target="#mobile-nav"
        data-toggle="collapse"
        type="button"
      >
        <span
          className="navbar-toggler-icon"
        />
      </button>
      <div
        className="collapse navbar-collapse"
        id="mobile-nav"
      >
        <ul
          className="navbar-nav mr-auto"
        >
          <li
            className="nav-item"
          >
            <a
              className="nav-link"
              href="/aboutus"
              onClick={[Function]}
            >
              About us
            </a>
          </li>
          <li
            className="nav-item"
          >
            <a
              className="nav-link"
              href="/contactus"
              onClick={[Function]}
            >
              Contact us
            </a>
          </li>
          
        </ul>
        <ul
          className="navbar-nav ml-auto"
        >
          <li
            className="nav-item"
          >
            <a
              className="nav-link "
              href="/profile"
              onClick={[Function]}
            >
              My Profile
            </a>
          </li>
        </ul>
      </div>
    </div>
  </nav>
</div>
`;
