// Jest Snapshot v1, https://goo.gl/fbAQLP

exports[`matches snapshot 1`] = `
<div
  className="container"
  data-testid="container"
>
  <form
    className="my-4 form-inline row form"
    data-testid="form"
  >
    <input
      className="form-control col mr-2"
      data-testid="input"
      placeholder="Type keyword here to start search"
    />
    <button
      className="btn btn-primary searchBtn"
      data-testid="search-btn"
    >
      SEARCH
    </button>
  </form>
  <div
    className="row err"
    data-testid="row-err"
  />
</div>
`;
